  [1m[35m (169.0ms)[0m  [1m[35mCREATE DATABASE "payhub_development" ENCODING = 'unicode'[0m
  [1m[35m (210.9ms)[0m  [1m[35mCREATE DATABASE "payhub_test" ENCODING = 'unicode'[0m
Started GET "/healthz" for ::1 at 2026-09-21 18:17:32 +0700
  [1m[35m (7.6ms)[0m  [1m[35mCREATE TABLE "schema_migrations" ("version" character varying NOT NULL PRIMARY KEY)[0m
  [1m[35m (7.7ms)[0m  [1m[35mCREATE TABLE "ar_internal_metadata" ("key" character varying NOT NULL PRIMARY KEY, "value" character varying, "created_at" timestamp(6) NOT NULL, "updated_at" timestamp(6) NOT NULL)[0m
  [1m[36mActiveRecord::SchemaMigration Load (0.8ms)[0m  [1m[34mSELECT "schema_migrations"."version" FROM "schema_migrations" ORDER BY "schema_migrations"."version" ASC[0m
Processing by HealthController#show as */*
  [1m[35m (15.7ms)[0m  [1m[34mSELECT 1[0m
  ↳ app/controllers/health_controller.rb:6:in `show'
Completed 500 Internal Server Error in 21ms (ActiveRecord: 19.3ms (1 query, 0 cached) | GC: 0.4ms)


  
ArgumentError (unknown keyword: quirks_mode):
  
app/controllers/health_controller.rb:7:in `show'
Started GET "/healthz" for ::1 at 2026-09-21 18:17:33 +0700
Processing by HealthController#show as */*
  [1m[35m (1.9ms)[0m  [1m[34mSELECT 1[0m
  ↳ app/controllers/health_controller.rb:6:in `show'
Completed 500 Internal Server Error in 3ms (ActiveRecord: 1.9ms (1 query, 0 cached) | GC: 0.0ms)


  
ArgumentError (unknown keyword: quirks_mode):
  
app/controllers/health_controller.rb:7:in `show'
Started GET "/healthz" for ::1 at 2026-09-21 18:17:34 +0700
Processing by HealthController#show as */*
  [1m[35m (1.2ms)[0m  [1m[34mSELECT 1[0m
  ↳ app/controllers/health_controller.rb:6:in `show'
Completed 500 Internal Server Error in 4ms (ActiveRecord: 1.2ms (1 query, 0 cached) | GC: 1.8ms)


  
ArgumentError (unknown keyword: quirks_mode):
  
app/controllers/health_controller.rb:7:in `show'
Started GET "/healthz" for ::1 at 2026-09-21 18:17:35 +0700
Processing by HealthController#show as */*
  [1m[35m (1.6ms)[0m  [1m[34mSELECT 1[0m
  ↳ app/controllers/health_controller.rb:6:in `show'
Completed 500 Internal Server Error in 2ms (ActiveRecord: 1.6ms (1 query, 0 cached) | GC: 0.0ms)


  
ArgumentError (unknown keyword: quirks_mode):
  
app/controllers/health_controller.rb:7:in `show'
Started GET "/healthz" for ::1 at 2026-09-21 18:17:36 +0700
Processing by HealthController#show as */*
  [1m[35m (1.7ms)[0m  [1m[34mSELECT 1[0m
  ↳ app/controllers/health_controller.rb:6:in `show'
Completed 500 Internal Server Error in 2ms (ActiveRecord: 1.7ms (1 query, 0 cached) | GC: 0.0ms)


  
ArgumentError (unknown keyword: quirks_mode):
  
app/controllers/health_controller.rb:7:in `show'
Started GET "/healthz" for ::1 at 2026-09-21 18:17:37 +0700
Processing by HealthController#show as */*
  [1m[35m (0.7ms)[0m  [1m[34mSELECT 1[0m
  ↳ app/controllers/health_controller.rb:6:in `show'
Completed 500 Internal Server Error in 1ms (ActiveRecord: 0.6ms (1 query, 0 cached) | GC: 0.0ms)


  
ArgumentError (unknown keyword: quirks_mode):
  
app/controllers/health_controller.rb:7:in `show'
Started GET "/healthz" for ::1 at 2026-09-21 18:17:38 +0700
Processing by HealthController#show as */*
  [1m[35m (1.7ms)[0m  [1m[34mSELECT 1[0m
  ↳ app/controllers/health_controller.rb:6:in `show'
Completed 500 Internal Server Error in 3ms (ActiveRecord: 1.7ms (1 query, 0 cached) | GC: 0.3ms)


  
ArgumentError (unknown keyword: quirks_mode):
  
app/controllers/health_controller.rb:7:in `show'
Started GET "/healthz" for ::1 at 2026-09-21 18:17:39 +0700
Processing by HealthController#show as */*
  [1m[35m (1.8ms)[0m  [1m[34mSELECT 1[0m
  ↳ app/controllers/health_controller.rb:6:in `show'
Completed 500 Internal Server Error in 3ms (ActiveRecord: 1.8ms (1 query, 0 cached) | GC: 0.0ms)


  
ArgumentError (unknown keyword: quirks_mode):
  
app/controllers/health_controller.rb:7:in `show'
Started GET "/healthz" for ::1 at 2026-09-21 18:17:40 +0700
Processing by HealthController#show as */*
  [1m[35m (1.6ms)[0m  [1m[34mSELECT 1[0m
  ↳ app/controllers/health_controller.rb:6:in `show'
Completed 500 Internal Server Error in 2ms (ActiveRecord: 1.6ms (1 query, 0 cached) | GC: 0.0ms)


  
ArgumentError (unknown keyword: quirks_mode):
  
app/controllers/health_controller.rb:7:in `show'
Started GET "/healthz" for ::1 at 2026-09-21 18:17:42 +0700
Processing by HealthController#show as */*
  [1m[35m (1.9ms)[0m  [1m[34mSELECT 1[0m
  ↳ app/controllers/health_controller.rb:6:in `show'
Completed 500 Internal Server Error in 3ms (ActiveRecord: 1.9ms (1 query, 0 cached) | GC: 0.0ms)


  
ArgumentError (unknown keyword: quirks_mode):
  
app/controllers/health_controller.rb:7:in `show'
Started GET "/healthz" for ::1 at 2026-09-21 18:17:43 +0700
Processing by HealthController#show as */*
  [1m[35m (1.8ms)[0m  [1m[34mSELECT 1[0m
  ↳ app/controllers/health_controller.rb:6:in `show'
Completed 500 Internal Server Error in 3ms (ActiveRecord: 1.8ms (1 query, 0 cached) | GC: 0.0ms)


  
ArgumentError (unknown keyword: quirks_mode):
  
app/controllers/health_controller.rb:7:in `show'
Started GET "/healthz" for ::1 at 2026-09-21 18:17:44 +0700
Processing by HealthController#show as */*
  [1m[35m (1.6ms)[0m  [1m[34mSELECT 1[0m
  ↳ app/controllers/health_controller.rb:6:in `show'
Completed 500 Internal Server Error in 2ms (ActiveRecord: 1.6ms (1 query, 0 cached) | GC: 0.0ms)


  
ArgumentError (unknown keyword: quirks_mode):
  
app/controllers/health_controller.rb:7:in `show'
Started GET "/healthz" for ::1 at 2026-09-21 18:17:45 +0700
Processing by HealthController#show as */*
  [1m[35m (1.6ms)[0m  [1m[34mSELECT 1[0m
  ↳ app/controllers/health_controller.rb:6:in `show'
Completed 500 Internal Server Error in 2ms (ActiveRecord: 1.6ms (1 query, 0 cached) | GC: 0.0ms)


  
ArgumentError (unknown keyword: quirks_mode):
  
app/controllers/health_controller.rb:7:in `show'
Started GET "/healthz" for ::1 at 2026-09-21 18:17:46 +0700
Processing by HealthController#show as */*
  [1m[35m (1.5ms)[0m  [1m[34mSELECT 1[0m
  ↳ app/controllers/health_controller.rb:6:in `show'
Completed 500 Internal Server Error in 2ms (ActiveRecord: 1.5ms (1 query, 0 cached) | GC: 0.0ms)


  
ArgumentError (unknown keyword: quirks_mode):
  
app/controllers/health_controller.rb:7:in `show'
Started GET "/healthz" for ::1 at 2026-09-21 18:17:47 +0700
Processing by HealthController#show as */*
  [1m[35m (1.9ms)[0m  [1m[34mSELECT 1[0m
  ↳ app/controllers/health_controller.rb:6:in `show'
Completed 500 Internal Server Error in 3ms (ActiveRecord: 1.9ms (1 query, 0 cached) | GC: 0.0ms)


  
ArgumentError (unknown keyword: quirks_mode):
  
app/controllers/health_controller.rb:7:in `show'
Started GET "/healthz" for ::1 at 2026-09-21 18:17:48 +0700
Processing by HealthController#show as */*
  [1m[35m (2.1ms)[0m  [1m[34mSELECT 1[0m
  ↳ app/controllers/health_controller.rb:6:in `show'
Completed 500 Internal Server Error in 3ms (ActiveRecord: 2.1ms (1 query, 0 cached) | GC: 0.0ms)


  
ArgumentError (unknown keyword: quirks_mode):
  
app/controllers/health_controller.rb:7:in `show'
Started GET "/healthz" for ::1 at 2026-09-21 18:17:49 +0700
Processing by HealthController#show as */*
  [1m[35m (1.8ms)[0m  [1m[34mSELECT 1[0m
  ↳ app/controllers/health_controller.rb:6:in `show'
Completed 500 Internal Server Error in 3ms (ActiveRecord: 1.8ms (1 query, 0 cached) | GC: 0.0ms)


  
ArgumentError (unknown keyword: quirks_mode):
  
app/controllers/health_controller.rb:7:in `show'
Started GET "/healthz" for ::1 at 2026-09-21 18:17:50 +0700
Processing by HealthController#show as */*
  [1m[35m (1.8ms)[0m  [1m[34mSELECT 1[0m
  ↳ app/controllers/health_controller.rb:6:in `show'
Completed 500 Internal Server Error in 2ms (ActiveRecord: 1.8ms (1 query, 0 cached) | GC: 0.0ms)


  
ArgumentError (unknown keyword: quirks_mode):
  
app/controllers/health_controller.rb:7:in `show'
Started GET "/healthz" for ::1 at 2026-09-21 18:17:51 +0700
Processing by HealthController#show as */*
  [1m[35m (1.6ms)[0m  [1m[34mSELECT 1[0m
  ↳ app/controllers/health_controller.rb:6:in `show'
Completed 500 Internal Server Error in 2ms (ActiveRecord: 1.6ms (1 query, 0 cached) | GC: 0.0ms)


  
ArgumentError (unknown keyword: quirks_mode):
  
app/controllers/health_controller.rb:7:in `show'
Started GET "/healthz" for ::1 at 2026-09-21 18:17:52 +0700
Processing by HealthController#show as */*
  [1m[35m (1.3ms)[0m  [1m[34mSELECT 1[0m
  ↳ app/controllers/health_controller.rb:6:in `show'
Completed 500 Internal Server Error in 2ms (ActiveRecord: 1.3ms (1 query, 0 cached) | GC: 0.0ms)


  
ArgumentError (unknown keyword: quirks_mode):
  
app/controllers/health_controller.rb:7:in `show'
Started GET "/healthz" for ::1 at 2026-09-21 18:18:35 +0700
  [1m[36mActiveRecord::SchemaMigration Load (0.9ms)[0m  [1m[34mSELECT "schema_migrations"."version" FROM "schema_migrations" ORDER BY "schema_migrations"."version" ASC[0m
Processing by HealthController#show as */*
  [1m[35m (17.0ms)[0m  [1m[34mSELECT 1[0m
  ↳ app/controllers/health_controller.rb:6:in `show'
Completed 200 OK in 20ms (Views: 0.1ms | ActiveRecord: 21.3ms (1 query, 0 cached) | GC: 0.5ms)


